terrain_crosscheck.sage -- Sage 10.8 -- 2026-08-02, logos (rerun: radicand-derivation checks + True-normal witness lines, review-12)
CHECK I1_18Q4: True
CHECK I2_funnel: True
CHECK Q4_eq_F1F2F3: True
CHECK Q4_three_irreducible_factors: True
CHECK Q4_squarefree: True
CHECK F_irreducible: True True True
CHECK F2_F3_swap: True
CHECK eight_nonsquares: True
CHECK genus_zero: True True True
CHECK param_F1_on_curve: True
CHECK Rq_square_on_F1: True
CHECK Sq_class12_on_F1: True
CHECK Sq_rational_zeros_F1: []
CHECK Sq_zeros_all_inadmissible_F1: True
CHECK param_F2_on_curve: True
CHECK Rq_square_on_F2: True
CHECK Sq_class12_on_F2: True
CHECK Sq_rational_zeros_F2: [0]
  zero t=0: point (0,0), den=0 -- c undefined, inadmissible
CHECK Sq_zeros_all_inadmissible_F2: True
CHECK param_F3_on_curve: True
CHECK Rq_square_on_F3: True
CHECK Sq_class12_on_F3: True
CHECK Sq_rational_zeros_F3: [0]
  zero t=0: point (0,0), den=0 -- c undefined, inadmissible
CHECK Sq_zeros_all_inadmissible_F3: True
CHECK gcd_Fi_RqSq_one: True True True
CHECK pairing_F1: True
CHECK pairing_F2: True
CHECK pairing_F3: True
CHECK Rq_odd_nonconst_factors: 1
CHECK Sq_odd_nonconst_factors: 1
CHECK RqSq_odd_nonconst_factors: 2
CHECK Rq_value_2_3_nonsquare: 2480 verdict: True
CHECK Sq_value_1_2_nonsquare: 876 verdict: True
CHECK RqSq_value_1_2_nonsquare: 171696 verdict: True
CHECK witness_Q4_negative: True
CHECK Dplus_critical_point: True
CHECK Dplus_factorization: True
CHECK Dplus_disc_identity: True
CHECK Dminus_critical_point: True
CHECK Dminus_factorization: True
CHECK Dminus_disc_identity: True
CHECK Dpm_gamma_clearing: True
DONE
